Archive member included because of file (symbol)

c:/program files (x86)/gnu tools arm embedded/4.8 2014q2/bin/../lib/gcc/arm-none-eabi/4.8.4/armv7e-m\libgcc.a(_arm_addsubdf3.o)
                              ..\obj\main.o (__aeabi_ui2d)
c:/program files (x86)/gnu tools arm embedded/4.8 2014q2/bin/../lib/gcc/arm-none-eabi/4.8.4/armv7e-m\libgcc.a(_arm_muldivdf3.o)
                              ..\obj\main.o (__aeabi_ddiv)
c:/program files (x86)/gnu tools arm embedded/4.8 2014q2/bin/../lib/gcc/arm-none-eabi/4.8.4/armv7e-m\libgcc.a(_arm_truncdfsf2.o)
                              ..\obj\main.o (__aeabi_d2f)
c:/program files (x86)/gnu tools arm embedded/4.8 2014q2/bin/../lib/gcc/arm-none-eabi/4.8.4/../../../../arm-none-eabi/lib/armv7e-m\libc.a(lib_a-impure.o)
                              ..\obj\main.o (_impure_ptr)
c:/program files (x86)/gnu tools arm embedded/4.8 2014q2/bin/../lib/gcc/arm-none-eabi/4.8.4/../../../../arm-none-eabi/lib/armv7e-m\libc.a(lib_a-printf.o)
                              ..\obj\main.o (printf)
c:/program files (x86)/gnu tools arm embedded/4.8 2014q2/bin/../lib/gcc/arm-none-eabi/4.8.4/../../../../arm-none-eabi/lib/armv7e-m\libc.a(lib_a-puts.o)
                              ..\obj\main.o (puts)
c:/program files (x86)/gnu tools arm embedded/4.8 2014q2/bin/../lib/gcc/arm-none-eabi/4.8.4/../../../../arm-none-eabi/lib/armv7e-m\libc.a(lib_a-setvbuf.o)
                              ..\obj\main.o (setvbuf)
c:/program files (x86)/gnu tools arm embedded/4.8 2014q2/bin/../lib/gcc/arm-none-eabi/4.8.4/../../../../arm-none-eabi/lib/armv7e-m\libc.a(lib_a-strlen.o)
                              c:/program files (x86)/gnu tools arm embedded/4.8 2014q2/bin/../lib/gcc/arm-none-eabi/4.8.4/../../../../arm-none-eabi/lib/armv7e-m\libc.a(lib_a-puts.o) (strlen)
c:/program files (x86)/gnu tools arm embedded/4.8 2014q2/bin/../lib/gcc/arm-none-eabi/4.8.4/../../../../arm-none-eabi/lib/armv7e-m\libc.a(lib_a-vfprintf.o)
                              c:/program files (x86)/gnu tools arm embedded/4.8 2014q2/bin/../lib/gcc/arm-none-eabi/4.8.4/../../../../arm-none-eabi/lib/armv7e-m\libc.a(lib_a-printf.o) (_vfprintf_r)
c:/program files (x86)/gnu tools arm embedded/4.8 2014q2/bin/../lib/gcc/arm-none-eabi/4.8.4/../../../../arm-none-eabi/lib/armv7e-m\libc.a(lib_a-wsetup.o)
                              c:/program files (x86)/gnu tools arm embedded/4.8 2014q2/bin/../lib/gcc/arm-none-eabi/4.8.4/../../../../arm-none-eabi/lib/armv7e-m\libc.a(lib_a-vfprintf.o) (__swsetup_r)
c:/program files (x86)/gnu tools arm embedded/4.8 2014q2/bin/../lib/gcc/arm-none-eabi/4.8.4/../../../../arm-none-eabi/lib/armv7e-m\libc.a(lib_a-dtoa.o)
                              c:/program files (x86)/gnu tools arm embedded/4.8 2014q2/bin/../lib/gcc/arm-none-eabi/4.8.4/../../../../arm-none-eabi/lib/armv7e-m\libc.a(lib_a-vfprintf.o) (_dtoa_r)
c:/program files (x86)/gnu tools arm embedded/4.8 2014q2/bin/../lib/gcc/arm-none-eabi/4.8.4/../../../../arm-none-eabi/lib/armv7e-m\libc.a(lib_a-fflush.o)
                              c:/program files (x86)/gnu tools arm embedded/4.8 2014q2/bin/../lib/gcc/arm-none-eabi/4.8.4/../../../../arm-none-eabi/lib/armv7e-m\libc.a(lib_a-setvbuf.o) (_fflush_r)
c:/program files (x86)/gnu tools arm embedded/4.8 2014q2/bin/../lib/gcc/arm-none-eabi/4.8.4/../../../../arm-none-eabi/lib/armv7e-m\libc.a(lib_a-findfp.o)
                              c:/program files (x86)/gnu tools arm embedded/4.8 2014q2/bin/../lib/gcc/arm-none-eabi/4.8.4/../../../../arm-none-eabi/lib/armv7e-m\libc.a(lib_a-setvbuf.o) (_cleanup_r)
c:/program files (x86)/gnu tools arm embedded/4.8 2014q2/bin/../lib/gcc/arm-none-eabi/4.8.4/../../../../arm-none-eabi/lib/armv7e-m\libc.a(lib_a-freer.o)
                              c:/program files (x86)/gnu tools arm embedded/4.8 2014q2/bin/../lib/gcc/arm-none-eabi/4.8.4/../../../../arm-none-eabi/lib/armv7e-m\libc.a(lib_a-setvbuf.o) (_free_r)
c:/program files (x86)/gnu tools arm embedded/4.8 2014q2/bin/../lib/gcc/arm-none-eabi/4.8.4/../../../../arm-none-eabi/lib/armv7e-m\libc.a(lib_a-fvwrite.o)
                              c:/program files (x86)/gnu tools arm embedded/4.8 2014q2/bin/../lib/gcc/arm-none-eabi/4.8.4/../../../../arm-none-eabi/lib/armv7e-m\libc.a(lib_a-puts.o) (__sfvwrite_r)
c:/program files (x86)/gnu tools arm embedded/4.8 2014q2/bin/../lib/gcc/arm-none-eabi/4.8.4/../../../../arm-none-eabi/lib/armv7e-m\libc.a(lib_a-fwalk.o)
                              c:/program files (x86)/gnu tools arm embedded/4.8 2014q2/bin/../lib/gcc/arm-none-eabi/4.8.4/../../../../arm-none-eabi/lib/armv7e-m\libc.a(lib_a-findfp.o) (_fwalk)
c:/program files (x86)/gnu tools arm embedded/4.8 2014q2/bin/../lib/gcc/arm-none-eabi/4.8.4/../../../../arm-none-eabi/lib/armv7e-m\libc.a(lib_a-locale.o)
                              c:/program files (x86)/gnu tools arm embedded/4.8 2014q2/bin/../lib/gcc/arm-none-eabi/4.8.4/../../../../arm-none-eabi/lib/armv7e-m\libc.a(lib_a-vfprintf.o) (_localeconv_r)
[...]
Memory Configuration

Name             Origin             Length             Attributes
rom              0x08000000         0x00100000         xr
ram              0x20000000         0x00020000         xrw
ram1             0x10000000         0x00010000         xrw
*default*        0x00000000         0xffffffff

Linker script and memory map

                0x20020000                _eram = 0x20020000

.text           0x08000000     0x734c
 *(.isr_vector)
 .isr_vector    0x08000000      0x188 ..\obj\startup_stm32f4xx.o
                0x08000000                g_pfnVectors
 *(.text*)
 .text.SYSCFG_EXTILineConfig
                0x08000188       0x7c ..\obj\stm32f4xx_syscfg.o
                0x08000188                SYSCFG_EXTILineConfig
 .text.USART_Init
                0x08000204      0x174 ..\obj\stm32f4xx_usart.o
                0x08000204                USART_Init
 .text.USART_Cmd
                0x08000378       0x40 ..\obj\stm32f4xx_usart.o
                0x08000378                USART_Cmd
 .text.USART_SendData
                0x080003b8       0x24 ..\obj\stm32f4xx_usart.o
                0x080003b8                USART_SendData
 .text.USART_ReceiveData
                0x080003dc       0x20 ..\obj\stm32f4xx_usart.o
                0x080003dc                USART_ReceiveData
 .text.USART_ITConfig
                0x080003fc       0x90 ..\obj\stm32f4xx_usart.o
                0x080003fc                USART_ITConfig
 .text.USART_GetFlagStatus
                0x0800048c       0x38 ..\obj\stm32f4xx_usart.o
                0x0800048c                USART_GetFlagStatus
 .text.USART_GetITStatus
                0x080004c4       0xb0 ..\obj\stm32f4xx_usart.o
                0x080004c4                USART_GetITStatus
 .text.Default_Reset_Handler
                0x08000574       0x60 ..\obj\startup_stm32f4xx.o
                0x08000574                Default_Reset_Handler
                0x08000574                Reset_Handler
 .text.Default_Handler
                0x080005d4        0x8 ..\obj\startup_stm32f4xx.o
                0x080005d4                RTC_Alarm_IRQHandler
                0x080005d4                HASH_RNG_IRQHandler
                0x080005d4                EXTI2_IRQHandler
                0x080005d4                TIM8_CC_IRQHandler
                0x080005d4                TIM1_CC_IRQHandler
                0x080005d4                DMA2_Stream5_IRQHandler
                0x080005d4                DMA1_Stream5_IRQHandler
                0x080005d4                PVD_IRQHandler
                0x080005d4                SDIO_IRQHandler
                0x080005d4                TAMP_STAMP_IRQHandler
                0x080005d4                CAN2_RX1_IRQHandler
                0x080005d4                TIM8_TRG_COM_TIM14_IRQHandler
                0x080005d4                TIM1_UP_TIM10_IRQHandler
                0x080005d4                TIM8_UP_TIM13_IRQHandler
                0x080005d4                I2C3_ER_IRQHandler
                0x080005d4                EXTI0_IRQHandler
                0x080005d4                I2C2_EV_IRQHandler
                0x080005d4                DMA1_Stream2_IRQHandler
                0x080005d4                CAN1_RX0_IRQHandler
                0x080005d4                FPU_IRQHandler
                0x080005d4                OTG_HS_WKUP_IRQHandler
                0x080005d4                CAN2_SCE_IRQHandler
                0x080005d4                DMA2_Stream2_IRQHandler
                0x080005d4                SPI1_IRQHandler
                0x080005d4                TIM6_DAC_IRQHandler
                0x080005d4                TIM1_BRK_TIM9_IRQHandler
                0x080005d4                DCMI_IRQHandler
                0x080005d4                CAN2_RX0_IRQHandler
                0x080005d4                DMA2_Stream3_IRQHandler
                0x080005d4                USART6_IRQHandler
                0x080005d4                USART3_IRQHandler
                0x080005d4                CRYP_IRQHandler
                0x080005d4                CAN1_RX1_IRQHandler
                0x080005d4                UART5_IRQHandler
                0x080005d4                DMA2_Stream0_IRQHandler
                0x080005d4                TIM4_IRQHandler
                0x080005d4                I2C1_EV_IRQHandler
                0x080005d4                DMA1_Stream6_IRQHandler
                0x080005d4                DMA1_Stream1_IRQHandler
                0x080005d4                UART4_IRQHandler
                0x080005d4                TIM3_IRQHandler
                0x080005d4                RCC_IRQHandler
                0x080005d4                TIM8_BRK_TIM12_IRQHandler
                0x080005d4                EXTI15_10_IRQHandler
                0x080005d4                ADC_IRQHandler
                0x080005d4                DMA1_Stream7_IRQHandler
                0x080005d4                TIM7_IRQHandler
                0x080005d4                CAN2_TX_IRQHandler
                0x080005d4                TIM5_IRQHandler
                0x080005d4                DMA2_Stream7_IRQHandler
                0x080005d4                I2C3_EV_IRQHandler
                0x080005d4                EXTI9_5_IRQHandler
                0x080005d4                RTC_WKUP_IRQHandler
                0x080005d4                ETH_WKUP_IRQHandler
                0x080005d4                SPI2_IRQHandler
                0x080005d4                OTG_HS_EP1_IN_IRQHandler
                0x080005d4                DMA1_Stream0_IRQHandler
                0x080005d4                CAN1_TX_IRQHandler
                0x080005d4                EXTI4_IRQHandler
                0x080005d4                FSMC_IRQHandler
                0x080005d4                ETH_IRQHandler
                0x080005d4                OTG_HS_EP1_OUT_IRQHandler
                0x080005d4                WWDG_IRQHandler
                0x080005d4                TIM2_IRQHandler
                0x080005d4                OTG_FS_WKUP_IRQHandler
                0x080005d4                TIM1_TRG_COM_TIM11_IRQHandler
                0x080005d4                OTG_HS_IRQHandler
                0x080005d4                EXTI1_IRQHandler
                0x080005d4                I2C2_ER_IRQHandler
                0x080005d4                DMA2_Stream1_IRQHandler
                0x080005d4                CAN1_SCE_IRQHandler
                0x080005d4                FLASH_IRQHandler
                0x080005d4                DMA2_Stream4_IRQHandler
                0x080005d4                USART1_IRQHandler
                0x080005d4                OTG_FS_IRQHandler
                0x080005d4                SPI3_IRQHandler
                0x080005d4                DMA1_Stream4_IRQHandler
                0x080005d4                I2C1_ER_IRQHandler
                0x080005d4                DMA2_Stream6_IRQHandler
                0x080005d4                DMA1_Stream3_IRQHandler
 .text.NVIC_EnableIRQ
                0x080005dc       0x30 ..\obj\main.o
 .text.NVIC_DisableIRQ
                0x0800060c       0x34 ..\obj\main.o
 .text.NVIC_SetPriority
                0x08000640       0x54 ..\obj\main.o
 .text.SysTick_Config
                0x08000694       0x44 ..\obj\main.o
 .text.main     0x080006d8      0x360 ..\obj\main.o
                0x080006d8                main
 .text.Timer_Config
                0x08000a38       0xa8 ..\obj\main.o
                0x08000a38                Timer_Config
 .text.Time_Interrupt_Config
                0x08000ae0       0x40 ..\obj\main.o
                0x08000ae0                Time_Interrupt_Config
 .text.Ext_Config
                0x08000b20       0x7c ..\obj\main.o
                0x08000b20                Ext_Config
 .text.Delay    0x08000b9c       0x28 ..\obj\main.o
                0x08000b9c                Delay
 .text.GPIO_Config
                0x08000bc4       0x64 ..\obj\main.o
                0x08000bc4                GPIO_Config
 .text.EXTI3_IRQHandler
                0x08000c28       0x90 ..\obj\main.o
                0x08000c28                EXTI3_IRQHandler
 .text.RCC_GetClocksFreq
                0x08000cb8      0x154 ..\obj\stm32f4xx_rcc.o
                0x08000cb8                RCC_GetClocksFreq
 .text.RCC_AHB1PeriphClockCmd
                0x08000e0c       0x3c ..\obj\stm32f4xx_rcc.o
                0x08000e0c                RCC_AHB1PeriphClockCmd
 .text.RCC_APB1PeriphClockCmd
                0x08000e48       0x3c ..\obj\stm32f4xx_rcc.o
                0x08000e48                RCC_APB1PeriphClockCmd
 .text.RCC_APB2PeriphClockCmd
                0x08000e84       0x3c ..\obj\stm32f4xx_rcc.o
                0x08000e84                RCC_APB2PeriphClockCmd
 .text.NMI_Handler
                0x08000ec0        0xc ..\obj\stm32f4xx_it.o
                0x08000ec0                NMI_Handler
 .text.HardFault_Handler
                0x08000ecc        0x8 ..\obj\stm32f4xx_it.o
                0x08000ecc                HardFault_Handler
 .text.MemManage_Handler
                0x08000ed4        0x8 ..\obj\stm32f4xx_it.o
                0x08000ed4                MemManage_Handler
 .text.BusFault_Handler
                0x08000edc        0x8 ..\obj\stm32f4xx_it.o
                0x08000edc                BusFault_Handler
 .text.UsageFault_Handler
                0x08000ee4        0x8 ..\obj\stm32f4xx_it.o
                0x08000ee4                UsageFault_Handler
 .text.SVC_Handler
                0x08000eec        0xc ..\obj\stm32f4xx_it.o
                0x08000eec                SVC_Handler
 .text.DebugMon_Handler
                0x08000ef8        0xc ..\obj\stm32f4xx_it.o
                0x08000ef8                DebugMon_Handler
 .text.PendSV_Handler
                0x08000f04        0xc ..\obj\stm32f4xx_it.o
                0x08000f04                PendSV_Handler
 .text.SysTick_Handler
                0x08000f10       0x24 ..\obj\stm32f4xx_it.o
                0x08000f10                SysTick_Handler
 .text.USART2_IRQHandler
                0x08000f34       0x30 ..\obj\stm32f4xx_it.o
                0x08000f34                USART2_IRQHandler
 .text.GPIO_Init
                0x08000f64      0x11c ..\obj\stm32f4xx_gpio.o
                0x08000f64                GPIO_Init
 .text.GPIO_ReadInputDataBit
                0x08001080       0x34 ..\obj\stm32f4xx_gpio.o
                0x08001080                GPIO_ReadInputDataBit
 .text.GPIO_SetBits
                0x080010b4       0x1c ..\obj\stm32f4xx_gpio.o
                0x080010b4                GPIO_SetBits
 .text.GPIO_ResetBits
                0x080010d0       0x1c ..\obj\stm32f4xx_gpio.o
                0x080010d0                GPIO_ResetBits
 .text.GPIO_PinAFConfig
                0x080010ec       0x8c ..\obj\stm32f4xx_gpio.o
                0x080010ec                GPIO_PinAFConfig
 .text.SystemInit
                0x08001178       0x58 ..\obj\system_stm32f4xx.o
                0x08001178                SystemInit
 .text.SetSysClock
                0x080011d0       0xf4 ..\obj\system_stm32f4xx.o
 .text._sbrk    0x080012c4       0x40 ..\obj\syscalls.o
                0x080012c4                _sbrk
 .text._close   0x08001304       0x18 ..\obj\syscalls.o
                0x08001304                _close
 .text._fstat   0x0800131c       0x20 ..\obj\syscalls.o
                0x0800131c                _fstat
 .text._isatty  0x0800133c       0x18 ..\obj\syscalls.o
                0x0800133c                _isatty
 .text._lseek   0x08001354       0x1c ..\obj\syscalls.o
                0x08001354                _lseek
 .text._read    0x08001370       0x1c ..\obj\syscalls.o
                0x08001370                _read
 .text._write   0x0800138c       0x58 ..\obj\syscalls.o
                0x0800138c                _write
 .text.EXTI_Init
                0x080013e4       0xdc ..\obj\stm32f4xx_exti.o
                0x080013e4                EXTI_Init
 .text.EXTI_GetITStatus
                0x080014c0       0x48 ..\obj\stm32f4xx_exti.o
                0x080014c0                EXTI_GetITStatus
 .text.EXTI_ClearITPendingBit
                0x08001508       0x1c ..\obj\stm32f4xx_exti.o
                0x08001508                EXTI_ClearITPendingBit
 .text.NVIC_Init
                0x08001524       0xbc ..\obj\misc.o
                0x08001524                NVIC_Init
 .text.TIM_TimeBaseInit
                0x080015e0       0xd4 ..\obj\stm32f4xx_tim.o
                0x080015e0                TIM_TimeBaseInit
 .text.TIM_TimeBaseStructInit
                0x080016b4       0x34 ..\obj\stm32f4xx_tim.o
                0x080016b4                TIM_TimeBaseStructInit
 .text.TIM_Cmd  0x080016e8       0x40 ..\obj\stm32f4xx_tim.o
                0x080016e8                TIM_Cmd
 .text.TIM_OC4Init
                0x08001728       0xcc ..\obj\stm32f4xx_tim.o
                0x08001728                TIM_OC4Init
 .text.TIM_OCStructInit
                0x080017f4       0x44 ..\obj\stm32f4xx_tim.o
                0x080017f4                TIM_OCStructInit
 .text.TIM_SetCompare4
                0x08001838       0x1c ..\obj\stm32f4xx_tim.o
                0x08001838                TIM_SetCompare4
 .text.TIM_OC4PreloadConfig
                0x08001854       0x3c ..\obj\stm32f4xx_tim.o
                0x08001854                TIM_OC4PreloadConfig
 .text.TIM_GetFlagStatus
                0x08001890       0x38 ..\obj\stm32f4xx_tim.o
                0x08001890                TIM_GetFlagStatus
 .text.TIM_ClearFlag
                0x080018c8       0x20 ..\obj\stm32f4xx_tim.o
                0x080018c8                TIM_ClearFlag
 .text.USART_Config
                0x080018e8       0xb8 ..\obj\usart.o
                0x080018e8                USART_Config
 .text.USART_NVIC_Config
                0x080019a0       0x24 ..\obj\usart.o
                0x080019a0                USART_NVIC_Config
 .text          0x080019c4      0x370 c:/program files (x86)/gnu tools arm embedded/4.8 2014q2/bin/../lib/gcc/arm-none-eabi/4.8.4/armv7e-m\libgcc.a(_arm_addsubdf3.o)
                0x080019c4                __aeabi_drsub
                0x080019cc                __aeabi_dsub
                0x080019cc                __subdf3
                0x080019d0                __aeabi_dadd
                0x080019d0                __adddf3
                0x08001c48                __floatunsidf
                0x08001c48                __aeabi_ui2d
                0x08001c68                __floatsidf
                0x08001c68                __aeabi_i2d
                0x08001c8c                __aeabi_f2d
                0x08001c8c                __extendsfdf2
                0x08001cc8                __floatundidf
                0x08001cc8                __aeabi_ul2d
                0x08001cd8                __floatdidf
                0x08001cd8                __aeabi_l2d
 .text          0x08001d34      0x424 c:/program files (x86)/gnu tools arm embedded/4.8 2014q2/bin/../lib/gcc/arm-none-eabi/4.8.4/armv7e-m\libgcc.a(_arm_muldivdf3.o)
                0x08001d34                __aeabi_dmul
                0x08001d34                __muldf3
                0x08001f88                __divdf3
                0x08001f88                __aeabi_ddiv
 .text          0x08002158       0xa0 c:/program files (x86)/gnu tools arm embedded/4.8 2014q2/bin/../lib/gcc/arm-none-eabi/4.8.4/armv7e-m\libgcc.a(_arm_truncdfsf2.o)
                0x08002158                __truncdfsf2
                0x08002158                __aeabi_d2f
 .text.printf   0x080021f8       0x28 c:/program files (x86)/gnu tools arm embedded/4.8 2014q2/bin/../lib/gcc/arm-none-eabi/4.8.4/../../../../arm-none-eabi/lib/armv7e-m\libc.a(lib_a-printf.o)
                0x080021f8                printf
 .text._puts_r  0x08002220       0x5c c:/program files (x86)/gnu tools arm embedded/4.8 2014q2/bin/../lib/gcc/arm-none-eabi/4.8.4/../../../../arm-none-eabi/lib/armv7e-m\libc.a(lib_a-puts.o)
                0x08002220                _puts_r
 .text.puts     0x0800227c       0x10 c:/program files (x86)/gnu tools arm embedded/4.8 2014q2/bin/../lib/gcc/arm-none-eabi/4.8.4/../../../../arm-none-eabi/lib/armv7e-m\libc.a(lib_a-puts.o)
                0x0800227c                puts
 .text.setvbuf  0x0800228c      0x100 c:/program files (x86)/gnu tools arm embedded/4.8 2014q2/bin/../lib/gcc/arm-none-eabi/4.8.4/../../../../arm-none-eabi/lib/armv7e-m\libc.a(lib_a-setvbuf.o)
                0x0800228c                setvbuf
 .text.strlen   0x0800238c       0x60 c:/program files (x86)/gnu tools arm embedded/4.8 2014q2/bin/../lib/gcc/arm-none-eabi/4.8.4/../../../../arm-none-eabi/lib/armv7e-m\libc.a(lib_a-strlen.o)
                0x0800238c                strlen
 .text._vfprintf_r
                0x080023ec     0x1544 c:/program files (x86)/gnu tools arm embedded/4.8 2014q2/bin/../lib/gcc/arm-none-eabi/4.8.4/../../../../arm-none-eabi/lib/armv7e-m\libc.a(lib_a-vfprintf.o)
                0x080023ec                _vfprintf_r
 .text.__sbprintf
                0x08003930       0x78 c:/program files (x86)/gnu tools arm embedded/4.8 2014q2/bin/../lib/gcc/arm-none-eabi/4.8.4/../../../../arm-none-eabi/lib/armv7e-m\libc.a(lib_a-vfprintf.o)
 .text.__swsetup_r
                0x080039a8       0xc4 c:/program files (x86)/gnu tools arm embedded/4.8 2014q2/bin/../lib/gcc/arm-none-eabi/4.8.4/../../../../arm-none-eabi/lib/armv7e-m\libc.a(lib_a-wsetup.o)
                0x080039a8                __swsetup_r
 .text.quorem   0x08003a6c      0x130 c:/program files (x86)/gnu tools arm embedded/4.8 2014q2/bin/../lib/gcc/arm-none-eabi/4.8.4/../../../../arm-none-eabi/lib/armv7e-m\libc.a(lib_a-dtoa.o)
 *fill*         0x08003b9c        0x4 
 .text._dtoa_r  0x08003ba0      0xe38 c:/program files (x86)/gnu tools arm embedded/4.8 2014q2/bin/../lib/gcc/arm-none-eabi/4.8.4/../../../../arm-none-eabi/lib/armv7e-m\libc.a(lib_a-dtoa.o)
                0x08003ba0                _dtoa_r
 .text.__sflush_r
                0x080049d8      0x154 c:/program files (x86)/gnu tools arm embedded/4.8 2014q2/bin/../lib/gcc/arm-none-eabi/4.8.4/../../../../arm-none-eabi/lib/armv7e-m\libc.a(lib_a-fflush.o)
                0x080049d8                __sflush_r
 .text._fflush_r
                0x08004b2c       0x2c c:/program files (x86)/gnu tools arm embedded/4.8 2014q2/bin/../lib/gcc/arm-none-eabi/4.8.4/../../../../arm-none-eabi/lib/armv7e-m\libc.a(lib_a-fflush.o)
                0x08004b2c                _fflush_r
 .text._cleanup_r
                0x08004b58        0xc c:/program files (x86)/gnu tools arm embedded/4.8 2014q2/bin/../lib/gcc/arm-none-eabi/4.8.4/../../../../arm-none-eabi/lib/armv7e-m\libc.a(lib_a-findfp.o)
                0x08004b58                _cleanup_r
 .text.__sinit  0x08004b64       0xf4 c:/program files (x86)/gnu tools arm embedded/4.8 2014q2/bin/../lib/gcc/arm-none-eabi/4.8.4/../../../../arm-none-eabi/lib/armv7e-m\libc.a(lib_a-findfp.o)
                0x08004b64                __sinit
 .text.__sfp_lock_acquire
                0x08004c58        0x4 c:/program files (x86)/gnu tools arm embedded/4.8 2014q2/bin/../lib/gcc/arm-none-eabi/4.8.4/../../../../arm-none-eabi/lib/armv7e-m\libc.a(lib_a-findfp.o)
                0x08004c58                __sfp_lock_acquire
 .text.__sfp_lock_release
                0x08004c5c        0x4 c:/program files (x86)/gnu tools arm embedded/4.8 2014q2/bin/../lib/gcc/arm-none-eabi/4.8.4/../../../../arm-none-eabi/lib/armv7e-m\libc.a(lib_a-findfp.o)
                0x08004c5c                __sfp_lock_release
 .text._malloc_trim_r
                0x08004c60       0x9c c:/program files (x86)/gnu tools arm embedded/4.8 2014q2/bin/../lib/gcc/arm-none-eabi/4.8.4/../../../../arm-none-eabi/lib/armv7e-m\libc.a(lib_a-freer.o)
                0x08004c60                _malloc_trim_r
 .text._free_r  0x08004cfc      0x19c c:/program files (x86)/gnu tools arm embedded/4.8 2014q2/bin/../lib/gcc/arm-none-eabi/4.8.4/../../../../arm-none-eabi/lib/armv7e-m\libc.a(lib_a-freer.o)
                0x08004cfc                _free_r
 .text.__sfvwrite_r
                0x08004e98      0x318 c:/program files (x86)/gnu tools arm embedded/4.8 2014q2/bin/../lib/gcc/arm-none-eabi/4.8.4/../../../../arm-none-eabi/lib/armv7e-m\libc.a(lib_a-fvwrite.o)
                0x08004e98                __sfvwrite_r
 .text._fwalk   0x080051b0       0x4c c:/program files (x86)/gnu tools arm embedded/4.8 2014q2/bin/../lib/gcc/arm-none-eabi/4.8.4/../../../../arm-none-eabi/lib/armv7e-m\libc.a(lib_a-fwalk.o)
                0x080051b0                _fwalk
 .text.__locale_charset
                0x080051fc        0x8 c:/program files (x86)/gnu tools arm embedded/4.8 2014q2/bin/../lib/gcc/arm-none-eabi/4.8.4/../../../../arm-none-eabi/lib/armv7e-m\libc.a(lib_a-locale.o)
                0x080051fc                __locale_charset
 .text.__locale_mb_cur_max
                0x08005204        0xc c:/program files (x86)/gnu tools arm embedded/4.8 2014q2/bin/../lib/gcc/arm-none-eabi/4.8.4/../../../../arm-none-eabi/lib/armv7e-m\libc.a(lib_a-locale.o)
                0x08005204                __locale_mb_cur_max
 .text._localeconv_r
                0x08005210        0x8 c:/program files (x86)/gnu tools arm embedded/4.8 2014q2/bin/../lib/gcc/arm-none-eabi/4.8.4/../../../../arm-none-eabi/lib/armv7e-m\libc.a(lib_a-locale.o)
                0x08005210                _localeconv_r
 .text.__smakebuf_r
                0x08005218       0xe0 c:/program files (x86)/gnu tools arm embedded/4.8 2014q2/bin/../lib/gcc/arm-none-eabi/4.8.4/../../../../arm-none-eabi/lib/armv7e-m\libc.a(lib_a-makebuf.o)
                0x08005218                __smakebuf_r
 .text.malloc   0x080052f8       0x10 c:/program files (x86)/gnu tools arm embedded/4.8 2014q2/bin/../lib/gcc/arm-none-eabi/4.8.4/../../../../arm-none-eabi/lib/armv7e-m\libc.a(lib_a-malloc.o)
                0x080052f8                malloc
 .text._malloc_r
                0x08005308      0x538 c:/program files (x86)/gnu tools arm embedded/4.8 2014q2/bin/../lib/gcc/arm-none-eabi/4.8.4/../../../../arm-none-eabi/lib/armv7e-m\libc.a(lib_a-mallocr.o)
                0x08005308                _malloc_r
 .text.memchr   0x08005840       0x90 c:/program files (x86)/gnu tools arm embedded/4.8 2014q2/bin/../lib/gcc/arm-none-eabi/4.8.4/../../../../arm-none-eabi/lib/armv7e-m\libc.a(lib_a-memchr-stub.o)
                0x08005840                memchr
 .text          0x080058d0      0x134 c:/program files (x86)/gnu tools arm embedded/4.8 2014q2/bin/../lib/gcc/arm-none-eabi/4.8.4/../../../../arm-none-eabi/lib/armv7e-m\libc.a(lib_a-memcpy.o)
                0x080058d0                memcpy
 .text.memmove  0x08005a04       0xc0 c:/program files (x86)/gnu tools arm embedded/4.8 2014q2/bin/../lib/gcc/arm-none-eabi/4.8.4/../../../../arm-none-eabi/lib/armv7e-m\libc.a(lib_a-memmove.o)
                0x08005a04                memmove
 .text.memset   0x08005ac4       0x94 c:/program files (x86)/gnu tools arm embedded/4.8 2014q2/bin/../lib/gcc/arm-none-eabi/4.8.4/../../../../arm-none-eabi/lib/armv7e-m\libc.a(lib_a-memset.o)
                0x08005ac4                memset
 .text.__malloc_lock
                0x08005b58        0x4 c:/program files (x86)/gnu tools arm embedded/4.8 2014q2/bin/../lib/gcc/arm-none-eabi/4.8.4/../../../../arm-none-eabi/lib/armv7e-m\libc.a(lib_a-mlock.o)
                0x08005b58                __malloc_lock
 .text.__malloc_unlock
                0x08005b5c        0x4 c:/program files (x86)/gnu tools arm embedded/4.8 2014q2/bin/../lib/gcc/arm-none-eabi/4.8.4/../../../../arm-none-eabi/lib/armv7e-m\libc.a(lib_a-mlock.o)
                0x08005b5c                __malloc_unlock
 .text._Balloc  0x08005b60       0x4c c:/program files (x86)/gnu tools arm embedded/4.8 2014q2/bin/../lib/gcc/arm-none-eabi/4.8.4/../../../../arm-none-eabi/lib/armv7e-m\libc.a(lib_a-mprec.o)
                0x08005b60                _Balloc
 .text._Bfree   0x08005bac       0x14 c:/program files (x86)/gnu tools arm embedded/4.8 2014q2/bin/../lib/gcc/arm-none-eabi/4.8.4/../../../../arm-none-eabi/lib/armv7e-m\libc.a(lib_a-mprec.o)
                0x08005bac                _Bfree
 .text.__multadd
                0x08005bc0       0x98 c:/program files (x86)/gnu tools arm embedded/4.8 2014q2/bin/../lib/gcc/arm-none-eabi/4.8.4/../../../../arm-none-eabi/lib/armv7e-m\libc.a(lib_a-mprec.o)
                0x08005bc0                __multadd
 .text.__hi0bits
                0x08005c58       0x40 c:/program files (x86)/gnu tools arm embedded/4.8 2014q2/bin/../lib/gcc/arm-none-eabi/4.8.4/../../../../arm-none-eabi/lib/armv7e-m\libc.a(lib_a-mprec.o)
                0x08005c58                __hi0bits
 .text.__lo0bits
                0x08005c98       0x5c c:/program files (x86)/gnu tools arm embedded/4.8 2014q2/bin/../lib/gcc/arm-none-eabi/4.8.4/../../../../arm-none-eabi/lib/armv7e-m\libc.a(lib_a-mprec.o)
                0x08005c98                __lo0bits
 .text.__i2b    0x08005cf4       0x14 c:/program files (x86)/gnu tools arm embedded/4.8 2014q2/bin/../lib/gcc/arm-none-eabi/4.8.4/../../../../arm-none-eabi/lib/armv7e-m\libc.a(lib_a-mprec.o)
                0x08005cf4                __i2b
 .text.__multiply
                0x08005d08      0x13c c:/program files (x86)/gnu tools arm embedded/4.8 2014q2/bin/../lib/gcc/arm-none-eabi/4.8.4/../../../../arm-none-eabi/lib/armv7e-m\libc.a(lib_a-mprec.o)
                0x08005d08                __multiply
 .text.__pow5mult
                0x08005e44       0x9c c:/program files (x86)/gnu tools arm embedded/4.8 2014q2/bin/../lib/gcc/arm-none-eabi/4.8.4/../../../../arm-none-eabi/lib/armv7e-m\libc.a(lib_a-mprec.o)
                0x08005e44                __pow5mult
 .text.__lshift
                0x08005ee0       0xbc c:/program files (x86)/gnu tools arm embedded/4.8 2014q2/bin/../lib/gcc/arm-none-eabi/4.8.4/../../../../arm-none-eabi/lib/armv7e-m\libc.a(lib_a-mprec.o)
                0x08005ee0                __lshift
 .text.__mcmp   0x08005f9c       0x48 c:/program files (x86)/gnu tools arm embedded/4.8 2014q2/bin/../lib/gcc/arm-none-eabi/4.8.4/../../../../arm-none-eabi/lib/armv7e-m\libc.a(lib_a-mprec.o)
                0x08005f9c                __mcmp
 .text.__mdiff  0x08005fe4       0xd4 c:/program files (x86)/gnu tools arm embedded/4.8 2014q2/bin/../lib/gcc/arm-none-eabi/4.8.4/../../../../arm-none-eabi/lib/armv7e-m\libc.a(lib_a-mprec.o)
                0x08005fe4                __mdiff
 .text.__d2b    0x080060b8       0xbc c:/program files (x86)/gnu tools arm embedded/4.8 2014q2/bin/../lib/gcc/arm-none-eabi/4.8.4/../../../../arm-none-eabi/lib/armv7e-m\libc.a(lib_a-mprec.o)
                0x080060b8                __d2b
 .text._realloc_r
                0x08006174      0x3cc c:/program files (x86)/gnu tools arm embedded/4.8 2014q2/bin/../lib/gcc/arm-none-eabi/4.8.4/../../../../arm-none-eabi/lib/armv7e-m\libc.a(lib_a-reallocr.o)
                0x08006174                _realloc_r
 .text.__fpclassifyd
                0x08006540       0x50 c:/program files (x86)/gnu tools arm embedded/4.8 2014q2/bin/../lib/gcc/arm-none-eabi/4.8.4/../../../../arm-none-eabi/lib/armv7e-m\libc.a(lib_a-s_fpclassify.o)
                0x08006540                __fpclassifyd
 .text._sbrk_r  0x08006590       0x24 c:/program files (x86)/gnu tools arm embedded/4.8 2014q2/bin/../lib/gcc/arm-none-eabi/4.8.4/../../../../arm-none-eabi/lib/armv7e-m\libc.a(lib_a-sbrkr.o)
                0x08006590                _sbrk_r
 .text.__sread  0x080065b4       0x24 c:/program files (x86)/gnu tools arm embedded/4.8 2014q2/bin/../lib/gcc/arm-none-eabi/4.8.4/../../../../arm-none-eabi/lib/armv7e-m\libc.a(lib_a-stdio.o)
                0x080065b4                __sread
 .text.__swrite
                0x080065d8       0x38 c:/program files (x86)/gnu tools arm embedded/4.8 2014q2/bin/../lib/gcc/arm-none-eabi/4.8.4/../../../../arm-none-eabi/lib/armv7e-m\libc.a(lib_a-stdio.o)
                0x080065d8                __swrite
 .text.__sseek  0x08006610       0x20 c:/program files (x86)/gnu tools arm embedded/4.8 2014q2/bin/../lib/gcc/arm-none-eabi/4.8.4/../../../../arm-none-eabi/lib/armv7e-m\libc.a(lib_a-stdio.o)
                0x08006610                __sseek
 .text.__sclose
                0x08006630        0x8 c:/program files (x86)/gnu tools arm embedded/4.8 2014q2/bin/../lib/gcc/arm-none-eabi/4.8.4/../../../../arm-none-eabi/lib/armv7e-m\libc.a(lib_a-stdio.o)
                0x08006630                __sclose
 .text.__sprint_r.part.0
                0x08006638       0x78 c:/program files (x86)/gnu tools arm embedded/4.8 2014q2/bin/../lib/gcc/arm-none-eabi/4.8.4/../../../../arm-none-eabi/lib/armv7e-m\libc.a(lib_a-vfiprintf.o)
 .text.__sprint_r
                0x080066b0       0x18 c:/program files (x86)/gnu tools arm embedded/4.8 2014q2/bin/../lib/gcc/arm-none-eabi/4.8.4/../../../../arm-none-eabi/lib/armv7e-m\libc.a(lib_a-vfiprintf.o)
                0x080066b0                __sprint_r
 .text._write_r
                0x080066c8       0x28 c:/program files (x86)/gnu tools arm embedded/4.8 2014q2/bin/../lib/gcc/arm-none-eabi/4.8.4/../../../../arm-none-eabi/lib/armv7e-m\libc.a(lib_a-writer.o)
                0x080066c8                _write_r
 .text._calloc_r
                0x080066f0       0x60 c:/program files (x86)/gnu tools arm embedded/4.8 2014q2/bin/../lib/gcc/arm-none-eabi/4.8.4/../../../../arm-none-eabi/lib/armv7e-m\libc.a(lib_a-callocr.o)
                0x080066f0                _calloc_r
 .text._close_r
                0x08006750       0x24 c:/program files (x86)/gnu tools arm embedded/4.8 2014q2/bin/../lib/gcc/arm-none-eabi/4.8.4/../../../../arm-none-eabi/lib/armv7e-m\libc.a(lib_a-closer.o)
                0x08006750                _close_r
 .text._fclose_r
                0x08006774       0x80 c:/program files (x86)/gnu tools arm embedded/4.8 2014q2/bin/../lib/gcc/arm-none-eabi/4.8.4/../../../../arm-none-eabi/lib/armv7e-m\libc.a(lib_a-fclose.o)
                0x08006774                _fclose_r
 .text.fclose   0x080067f4       0x10 c:/program files (x86)/gnu tools arm embedded/4.8 2014q2/bin/../lib/gcc/arm-none-eabi/4.8.4/../../../../arm-none-eabi/lib/armv7e-m\libc.a(lib_a-fclose.o)
                0x080067f4                fclose
 .text._fputwc_r
                0x08006804       0xbc c:/program files (x86)/gnu tools arm embedded/4.8 2014q2/bin/../lib/gcc/arm-none-eabi/4.8.4/../../../../arm-none-eabi/lib/armv7e-m\libc.a(lib_a-fputwc.o)
                0x08006804                _fputwc_r
 .text._fstat_r
                0x080068c0       0x28 c:/program files (x86)/gnu tools arm embedded/4.8 2014q2/bin/../lib/gcc/arm-none-eabi/4.8.4/../../../../arm-none-eabi/lib/armv7e-m\libc.a(lib_a-fstatr.o)
                0x080068c0                _fstat_r
 .text._isatty_r
                0x080068e8       0x24 c:/program files (x86)/gnu tools arm embedded/4.8 2014q2/bin/../lib/gcc/arm-none-eabi/4.8.4/../../../../arm-none-eabi/lib/armv7e-m\libc.a(lib_a-isattyr.o)
                0x080068e8                _isatty_r
 .text._lseek_r
                0x0800690c       0x28 c:/program files (x86)/gnu tools arm embedded/4.8 2014q2/bin/../lib/gcc/arm-none-eabi/4.8.4/../../../../arm-none-eabi/lib/armv7e-m\libc.a(lib_a-lseekr.o)
                0x0800690c                _lseek_r
 .text._read_r  0x08006934       0x28 c:/program files (x86)/gnu tools arm embedded/4.8 2014q2/bin/../lib/gcc/arm-none-eabi/4.8.4/../../../../arm-none-eabi/lib/armv7e-m\libc.a(lib_a-readr.o)
                0x08006934                _read_r
 .text.__swbuf_r
                0x0800695c       0xa8 c:/program files (x86)/gnu tools arm embedded/4.8 2014q2/bin/../lib/gcc/arm-none-eabi/4.8.4/../../../../arm-none-eabi/lib/armv7e-m\libc.a(lib_a-wbuf.o)
                0x0800695c                __swbuf_r
 .text._wcrtomb_r
                0x08006a04       0x50 c:/program files (x86)/gnu tools arm embedded/4.8 2014q2/bin/../lib/gcc/arm-none-eabi/4.8.4/../../../../arm-none-eabi/lib/armv7e-m\libc.a(lib_a-wcrtomb.o)
                0x08006a04                _wcrtomb_r
 .text.__ascii_wctomb
                0x08006a54       0x1c c:/program files (x86)/gnu tools arm embedded/4.8 2014q2/bin/../lib/gcc/arm-none-eabi/4.8.4/../../../../arm-none-eabi/lib/armv7e-m\libc.a(lib_a-wctomb_r.o)
                0x08006a54                __ascii_wctomb
 .text          0x08006a70      0x110 c:/program files (x86)/gnu tools arm embedded/4.8 2014q2/bin/../lib/gcc/arm-none-eabi/4.8.4/armv7e-m\libgcc.a(_arm_cmpdf2.o)
                0x08006a70                __gtdf2
                0x08006a70                __gedf2
                0x08006a78                __ltdf2
                0x08006a78                __ledf2
                0x08006a80                __nedf2
                0x08006a80                __eqdf2
                0x08006a80                __cmpdf2
                0x08006afc                __aeabi_cdrcmple
                0x08006b0c                __aeabi_cdcmpeq
                0x08006b0c                __aeabi_cdcmple
                0x08006b1c                __aeabi_dcmpeq
                0x08006b30                __aeabi_dcmplt
                0x08006b44                __aeabi_dcmple
                0x08006b58                __aeabi_dcmpge
                0x08006b6c                __aeabi_dcmpgt
 .text          0x08006b80       0x50 c:/program files (x86)/gnu tools arm embedded/4.8 2014q2/bin/../lib/gcc/arm-none-eabi/4.8.4/armv7e-m\libgcc.a(_arm_fixdfsi.o)
                0x08006b80                __aeabi_d2iz
                0x08006b80                __fixdfsi
 .text          0x08006bd0       0x2c c:/program files (x86)/gnu tools arm embedded/4.8 2014q2/bin/../lib/gcc/arm-none-eabi/4.8.4/armv7e-m\libgcc.a(_aeabi_uldivmod.o)
                0x08006bd0                __aeabi_uldivmod
 .text          0x08006bfc       0x60 c:/program files (x86)/gnu tools arm embedded/4.8 2014q2/bin/../lib/gcc/arm-none-eabi/4.8.4/armv7e-m\libgcc.a(bpabi.o)
                0x08006bfc                __gnu_ldivmod_helper
                0x08006c2c                __gnu_uldivmod_helper
 .text          0x08006c5c        0x4 c:/program files (x86)/gnu tools arm embedded/4.8 2014q2/bin/../lib/gcc/arm-none-eabi/4.8.4/armv7e-m\libgcc.a(_dvmd_tls.o)
                0x08006c5c                __aeabi_idiv0
                0x08006c5c                __aeabi_ldiv0
 .text          0x08006c60      0x298 c:/program files (x86)/gnu tools arm embedded/4.8 2014q2/bin/../lib/gcc/arm-none-eabi/4.8.4/armv7e-m\libgcc.a(_divdi3.o)
                0x08006c60                __divdi3
 .text          0x08006ef8      0x284 c:/program files (x86)/gnu tools arm embedded/4.8 2014q2/bin/../lib/gcc/arm-none-eabi/4.8.4/armv7e-m\libgcc.a(_udivdi3.o)
                0x08006ef8                __udivdi3
 *(.init)
 *(.fini)
 *crtbegin.o(.ctors)
 *crtbegin?.o(.ctors)
 *(EXCLUDE_FILE(*crtend.o *crtend?.o) .ctors)
 *(SORT(.ctors.*))
 *(.ctors)
 *crtbegin.o(.dtors)
 *crtbegin?.o(.dtors)
 *(EXCLUDE_FILE(*crtend.o *crtend?.o) .dtors)
 *(SORT(.dtors.*))
 *(.dtors)
 *(.rodata*)
 .rodata        0x0800717c       0x10 ..\obj\main.o
 .rodata        0x0800718c       0x38 ..\obj\stm32f4xx_it.o
 .rodata.str1.4
                0x080071c4        0x2 c:/program files (x86)/gnu tools arm embedded/4.8 2014q2/bin/../lib/gcc/arm-none-eabi/4.8.4/../../../../arm-none-eabi/lib/armv7e-m\libc.a(lib_a-impure.o)
                                  0x4 (size before relaxing)
 *fill*         0x080071c6        0x2 
 .rodata.str1.4
                0x080071c8        0x2 c:/program files (x86)/gnu tools arm embedded/4.8 2014q2/bin/../lib/gcc/arm-none-eabi/4.8.4/../../../../arm-none-eabi/lib/armv7e-m\libc.a(lib_a-puts.o)
                                  0x4 (size before relaxing)
 *fill*         0x080071ca        0x2 
 .rodata.blanks.6777
                0x080071cc       0x10 c:/program files (x86)/gnu tools arm embedded/4.8 2014q2/bin/../lib/gcc/arm-none-eabi/4.8.4/../../../../arm-none-eabi/lib/armv7e-m\libc.a(lib_a-vfprintf.o)
 .rodata.str1.4
                0x080071dc       0x42 c:/program files (x86)/gnu tools arm embedded/4.8 2014q2/bin/../lib/gcc/arm-none-eabi/4.8.4/../../../../arm-none-eabi/lib/armv7e-m\libc.a(lib_a-vfprintf.o)
                                 0x44 (size before relaxing)
 *fill*         0x0800721e        0x2 
 .rodata.zeroes.6778
                0x08007220       0x10 c:/program files (x86)/gnu tools arm embedded/4.8 2014q2/bin/../lib/gcc/arm-none-eabi/4.8.4/../../../../arm-none-eabi/lib/armv7e-m\libc.a(lib_a-vfprintf.o)
 .rodata.str1.4
                0x08007230       0x10 c:/program files (x86)/gnu tools arm embedded/4.8 2014q2/bin/../lib/gcc/arm-none-eabi/4.8.4/../../../../arm-none-eabi/lib/armv7e-m\libc.a(lib_a-dtoa.o)
                                 0x14 (size before relaxing)
 .rodata.str1.4
                0x08007240        0xc c:/program files (x86)/gnu tools arm embedded/4.8 2014q2/bin/../lib/gcc/arm-none-eabi/4.8.4/../../../../arm-none-eabi/lib/armv7e-m\libc.a(lib_a-locale.o)
                                 0x14 (size before relaxing)
 *fill*         0x0800724c        0x4 
 .rodata.__mprec_tens
                0x08007250       0xc8 c:/program files (x86)/gnu tools arm embedded/4.8 2014q2/bin/../lib/gcc/arm-none-eabi/4.8.4/../../../../arm-none-eabi/lib/armv7e-m\libc.a(lib_a-mprec.o)
                0x08007250                __mprec_tens
 .rodata.__mprec_bigtens
                0x08007318       0x28 c:/program files (x86)/gnu tools arm embedded/4.8 2014q2/bin/../lib/gcc/arm-none-eabi/4.8.4/../../../../arm-none-eabi/lib/armv7e-m\libc.a(lib_a-mprec.o)
                0x08007318                __mprec_bigtens
 .rodata.p05.5269
                0x08007340        0xc c:/program files (x86)/gnu tools arm embedded/4.8 2014q2/bin/../lib/gcc/arm-none-eabi/4.8.4/../../../../arm-none-eabi/lib/armv7e-m\libc.a(lib_a-mprec.o)
 *(.eh_fram e*)

.glue_7         0x0800734c        0x0
 .glue_7        0x00000000        0x0 linker stubs

.glue_7t        0x0800734c        0x0
 .glue_7t       0x00000000        0x0 linker stubs

.vfp11_veneer   0x0800734c        0x0
 .vfp11_veneer  0x00000000        0x0 linker stubs

.v4_bx          0x0800734c        0x0
 .v4_bx         0x00000000        0x0 linker stubs

.iplt           0x0800734c        0x0
 .iplt          0x00000000        0x0 ..\obj\stm32f4xx_syscfg.o

.ARM.extab
 *(.ARM.extab* .gnu.linkonce.armextab.*)
                0x0800734c                __exidx_start = .

.ARM.exidx      0x0800734c        0x8
 *(.ARM.exidx* .gnu.linkonce.armexidx.*)
 .ARM.exidx     0x0800734c        0x8 c:/program files (x86)/gnu tools arm embedded/4.8 2014q2/bin/../lib/gcc/arm-none-eabi/4.8.4/armv7e-m\libgcc.a(_divdi3.o)
 .ARM.exidx     0x08007354        0x0 c:/program files (x86)/gnu tools arm embedded/4.8 2014q2/bin/../lib/gcc/arm-none-eabi/4.8.4/armv7e-m\libgcc.a(_udivdi3.o)
                                  0x8 (size before relaxing)
                0x08007354                __exidx_end = .
                0x08007354                __etext = .
                0x08007354                _sidata = __etext

.rel.dyn        0x08007354        0x0
 .rel.iplt      0x00000000        0x0 ..\obj\stm32f4xx_syscfg.o

.data           0x20000000      0x8c4 load address 0x08007354
                0x20000000                __data_start__ = .
                0x20000000                _sdata = __data_start__
 *(vtable)
 *(.data*)
 .data          0x20000000       0x10 ..\obj\stm32f4xx_rcc.o
 .data          0x20000010       0x14 ..\obj\system_stm32f4xx.o
                0x20000010                SystemCoreClock
                0x20000014                AHBPrescTable
 *fill*         0x20000024        0x4 
 .data.impure_data
                0x20000028      0x428 c:/program files (x86)/gnu tools arm embedded/4.8 2014q2/bin/../lib/gcc/arm-none-eabi/4.8.4/../../../../arm-none-eabi/lib/armv7e-m\libc.a(lib_a-impure.o)
 .data._impure_ptr
                0x20000450        0x4 c:/program files (x86)/gnu tools arm embedded/4.8 2014q2/bin/../lib/gcc/arm-none-eabi/4.8.4/../../../../arm-none-eabi/lib/armv7e-m\libc.a(lib_a-impure.o)
                0x20000450                _impure_ptr
 .data.lconv    0x20000454       0x38 c:/program files (x86)/gnu tools arm embedded/4.8 2014q2/bin/../lib/gcc/arm-none-eabi/4.8.4/../../../../arm-none-eabi/lib/armv7e-m\libc.a(lib_a-locale.o)
 .data.lc_ctype_charset
                0x2000048c       0x20 c:/program files (x86)/gnu tools arm embedded/4.8 2014q2/bin/../lib/gcc/arm-none-eabi/4.8.4/../../../../arm-none-eabi/lib/armv7e-m\libc.a(lib_a-locale.o)
 .data.__mb_cur_max
                0x200004ac        0x4 c:/program files (x86)/gnu tools arm embedded/4.8 2014q2/bin/../lib/gcc/arm-none-eabi/4.8.4/../../../../arm-none-eabi/lib/armv7e-m\libc.a(lib_a-locale.o)
                0x200004ac                __mb_cur_max
 .data.__malloc_av_
                0x200004b0      0x408 c:/program files (x86)/gnu tools arm embedded/4.8 2014q2/bin/../lib/gcc/arm-none-eabi/4.8.4/../../../../arm-none-eabi/lib/armv7e-m\libc.a(lib_a-mallocr.o)
                0x200004b0                __malloc_av_
 .data.__malloc_trim_threshold
                0x200008b8        0x4 c:/program files (x86)/gnu tools arm embedded/4.8 2014q2/bin/../lib/gcc/arm-none-eabi/4.8.4/../../../../arm-none-eabi/lib/armv7e-m\libc.a(lib_a-mallocr.o)
                0x200008b8                __malloc_trim_threshold
 .data.__malloc_sbrk_base
                0x200008bc        0x4 c:/program files (x86)/gnu tools arm embedded/4.8 2014q2/bin/../lib/gcc/arm-none-eabi/4.8.4/../../../../arm-none-eabi/lib/armv7e-m\libc.a(lib_a-mallocr.o)
                0x200008bc                __malloc_sbrk_base
 .data.__wctomb
                0x200008c0        0x4 c:/program files (x86)/gnu tools arm embedded/4.8 2014q2/bin/../lib/gcc/arm-none-eabi/4.8.4/../../../../arm-none-eabi/lib/armv7e-m\libc.a(lib_a-wctomb_r.o)
                0x200008c0                __wctomb
                0x200008c4                . = ALIGN (0x4)
                0x200008c4                PROVIDE (__preinit_array_start, .)
 *(.preinit_array)
                0x200008c4                PROVIDE (__preinit_array_end, .)
                0x200008c4                . = ALIGN (0x4)
                0x200008c4                PROVIDE (__init_array_start, .)
 *(SORT(.init_array.*))
 *(.init_array)
                0x200008c4                PROVIDE (__init_array_end, .)
                0x200008c4                . = ALIGN (0x4)
                0x200008c4                PROVIDE (__fini_array_start, .)
 *(SORT(.fini_array.*))
 *(.fini_array)
                0x200008c4                PROVIDE (__fini_array_end, .)
 *(.jcr*)
                0x200008c4                . = ALIGN (0x4)
                0x200008c4                __data_end__ = .
                0x200008c4                _edata = __data_end__

.igot.plt       0x200008c4        0x0 load address 0x08007c18
 .igot.plt      0x00000000        0x0 ..\obj\stm32f4xx_syscfg.o

.bss            0x200008c4       0x4c load address 0x08007c18
                0x200008c4                . = ALIGN (0x4)
                0x200008c4                __bss_start__ = .
                0x200008c4                _sbss = __bss_start__
 *(.bss*)
 .bss           0x200008c4        0x8 ..\obj\main.o
                0x200008c4                countQ
                0x200008c8                Rel
 .bss           0x200008cc        0x4 ..\obj\syscalls.o
 .bss.__malloc_max_total_mem
                0x200008d0        0x4 c:/program files (x86)/gnu tools arm embedded/4.8 2014q2/bin/../lib/gcc/arm-none-eabi/4.8.4/../../../../arm-none-eabi/lib/armv7e-m\libc.a(lib_a-mallocr.o)
                0x200008d0                __malloc_max_total_mem
 .bss.__malloc_max_sbrked_mem
                0x200008d4        0x4 c:/program files (x86)/gnu tools arm embedded/4.8 2014q2/bin/../lib/gcc/arm-none-eabi/4.8.4/../../../../arm-none-eabi/lib/armv7e-m\libc.a(lib_a-mallocr.o)
                0x200008d4                __malloc_max_sbrked_mem
 .bss.__malloc_top_pad
                0x200008d8        0x4 c:/program files (x86)/gnu tools arm embedded/4.8 2014q2/bin/../lib/gcc/arm-none-eabi/4.8.4/../../../../arm-none-eabi/lib/armv7e-m\libc.a(lib_a-mallocr.o)
                0x200008d8                __malloc_top_pad
 .bss.__malloc_current_mallinfo
                0x200008dc       0x28 c:/program files (x86)/gnu tools arm embedded/4.8 2014q2/bin/../lib/gcc/arm-none-eabi/4.8.4/../../../../arm-none-eabi/lib/armv7e-m\libc.a(lib_a-mallocr.o)
                0x200008dc                __malloc_current_mallinfo
 *(COMMON)
 COMMON         0x20000904        0x1 ..\obj\main.o
                0x20000904                a
 *fill*         0x20000905        0x3 
 COMMON         0x20000908        0x4 ..\obj\stm32f4xx_it.o
                0x20000908                TimingDelay
 COMMON         0x2000090c        0x4 c:/program files (x86)/gnu tools arm embedded/4.8 2014q2/bin/../lib/gcc/arm-none-eabi/4.8.4/../../../../arm-none-eabi/lib/armv7e-m\libc.a(lib_a-reent.o)
                0x2000090c                errno
                0x20000910                . = ALIGN (0x4)
                0x20000910                __bss_end__ = .
                0x20000910                _ebss = __bss_end__

.heap           0x20000910        0x0
                0x20000910                __end__ = .
                0x20000910                _end = __end__
                0x20000910                end = __end__
 *(.heap*)
                0x20000910                __HeapLimit = .

.co_stack       0x20000910     0x8000 load address 0x08007c64
                0x20000910                . = ALIGN (0x8)
 *(.co_stack .co_stack.*)
 .co_stack      0x20000910     0x8000 ..\obj\startup_stm32f4xx.o
                0x20000910                pulStack
                0x20020000                __StackTop = (ORIGIN (ram) + 0x20000)
                0x20018000                __StackLimit = (__StackTop - SIZEOF (.co_stack))
                0x20020000                PROVIDE (__stack, __StackTop)
                0x00000001                ASSERT ((__StackLimit >= __HeapLimit), region ram  overflowed with stack)
LOAD ..\obj\stm32f4xx_syscfg.o
LOAD ..\obj\stm32f4xx_usart.o
LOAD ..\obj\startup_stm32f4xx.o
LOAD ..\obj\main.o
LOAD ..\obj\stm32f4xx_rcc.o
LOAD ..\obj\stm32f4xx_it.o
LOAD ..\obj\stm32f4xx_gpio.o
LOAD ..\obj\system_stm32f4xx.o
LOAD ..\obj\syscalls.o
LOAD ..\obj\stm32f4xx_exti.o
LOAD ..\obj\misc.o
LOAD ..\obj\serial.o
LOAD ..\obj\stm32f4xx_tim.o
LOAD ..\obj\usart.o
LOAD c:/program files (x86)/gnu tools arm embedded/4.8 2014q2/bin/../lib/gcc/arm-none-eabi/4.8.4/../../../../arm-none-eabi/lib/armv7e-m\libm.a
LOAD c:/program files (x86)/gnu tools arm embedded/4.8 2014q2/bin/../lib/gcc/arm-none-eabi/4.8.4/armv7e-m\libgcc.a
LOAD c:/program files (x86)/gnu tools arm embedded/4.8 2014q2/bin/../lib/gcc/arm-none-eabi/4.8.4/../../../../arm-none-eabi/lib/armv7e-m\libc.a
START GROUP
LOAD c:/program files (x86)/gnu tools arm embedded/4.8 2014q2/bin/../lib/gcc/arm-none-eabi/4.8.4/armv7e-m\libgcc.a
LOAD c:/program files (x86)/gnu tools arm embedded/4.8 2014q2/bin/../lib/gcc/arm-none-eabi/4.8.4/../../../../arm-none-eabi/lib/armv7e-m\libg.a
LOAD c:/program files (x86)/gnu tools arm embedded/4.8 2014q2/bin/../lib/gcc/arm-none-eabi/4.8.4/../../../../arm-none-eabi/lib/armv7e-m\libc.a
END GROUP
OUTPUT(teste_usart.elf elf32-littlearm)

.debug_info     0x00000000     0x6f30
 .debug_info    0x00000000      0x277 ..\obj\stm32f4xx_syscfg.o
 .debug_info    0x00000277      0x9cd ..\obj\stm32f4xx_usart.o
 .debug_info    0x00000c44       0xed ..\obj\startup_stm32f4xx.o
 .debug_info    0x00000d31     0x1652 ..\obj\main.o
 .debug_info    0x00002383      0xc58 ..\obj\stm32f4xx_rcc.o
 .debug_info    0x00002fdb      0x272 ..\obj\stm32f4xx_it.o
 .debug_info    0x0000324d      0x60d ..\obj\stm32f4xx_gpio.o
 .debug_info    0x0000385a      0x59d ..\obj\system_stm32f4xx.o
 .debug_info    0x00003df7      0x58e ..\obj\syscalls.o
 .debug_info    0x00004385      0x352 ..\obj\stm32f4xx_exti.o
 .debug_info    0x000046d7      0x548 ..\obj\misc.o
 .debug_info    0x00004c1f     0x1c6c ..\obj\stm32f4xx_tim.o
 .debug_info    0x0000688b      0x6a5 ..\obj\usart.o

.debug_abbrev   0x00000000     0x1333
 .debug_abbrev  0x00000000      0x133 ..\obj\stm32f4xx_syscfg.o
 .debug_abbrev  0x00000133      0x157 ..\obj\stm32f4xx_usart.o
 .debug_abbrev  0x0000028a       0xb0 ..\obj\startup_stm32f4xx.o
 .debug_abbrev  0x0000033a      0x326 ..\obj\main.o
 .debug_abbrev  0x00000660      0x1e5 ..\obj\stm32f4xx_rcc.o
 .debug_abbrev  0x00000845       0xe7 ..\obj\stm32f4xx_it.o
 .debug_abbrev  0x0000092c      0x1a5 ..\obj\stm32f4xx_gpio.o
 .debug_abbrev  0x00000ad1      0x138 ..\obj\system_stm32f4xx.o
 .debug_abbrev  0x00000c09      0x1a3 ..\obj\syscalls.o
 .debug_abbrev  0x00000dac      0x1a7 ..\obj\stm32f4xx_exti.o
 .debug_abbrev  0x00000f53      0x147 ..\obj\misc.o
 .debug_abbrev  0x0000109a      0x189 ..\obj\stm32f4xx_tim.o
 .debug_abbrev  0x00001223      0x110 ..\obj\usart.o

.debug_aranges  0x00000000      0x8a8
 .debug_aranges
                0x00000000       0x48 ..\obj\stm32f4xx_syscfg.o
 .debug_aranges
                0x00000048      0x100 ..\obj\stm32f4xx_usart.o
 .debug_aranges
                0x00000148       0x28 ..\obj\startup_stm32f4xx.o
 .debug_aranges
                0x00000170       0x78 ..\obj\main.o
 .debug_aranges
                0x000001e8      0x178 ..\obj\stm32f4xx_rcc.o
 .debug_aranges
                0x00000360       0x68 ..\obj\stm32f4xx_it.o
 .debug_aranges
                0x000003c8       0x88 ..\obj\stm32f4xx_gpio.o
 .debug_aranges
                0x00000450       0x30 ..\obj\system_stm32f4xx.o
 .debug_aranges
                0x00000480       0x70 ..\obj\syscalls.o
 .debug_aranges
                0x000004f0       0x58 ..\obj\stm32f4xx_exti.o
 .debug_aranges
                0x00000548       0x40 ..\obj\misc.o
 .debug_aranges
                0x00000588      0x2f8 ..\obj\stm32f4xx_tim.o
 .debug_aranges
                0x00000880       0x28 ..\obj\usart.o

.debug_ranges   0x00000000      0x7d8
 .debug_ranges  0x00000000       0x38 ..\obj\stm32f4xx_syscfg.o
 .debug_ranges  0x00000038       0xf0 ..\obj\stm32f4xx_usart.o
 .debug_ranges  0x00000128       0x18 ..\obj\startup_stm32f4xx.o
 .debug_ranges  0x00000140       0x68 ..\obj\main.o
 .debug_ranges  0x000001a8      0x168 ..\obj\stm32f4xx_rcc.o
 .debug_ranges  0x00000310       0x58 ..\obj\stm32f4xx_it.o
 .debug_ranges  0x00000368       0x78 ..\obj\stm32f4xx_gpio.o
 .debug_ranges  0x000003e0       0x20 ..\obj\system_stm32f4xx.o
 .debug_ranges  0x00000400       0x60 ..\obj\syscalls.o
 .debug_ranges  0x00000460       0x48 ..\obj\stm32f4xx_exti.o
 .debug_ranges  0x000004a8       0x30 ..\obj\misc.o
 .debug_ranges  0x000004d8      0x2e8 ..\obj\stm32f4xx_tim.o
 .debug_ranges  0x000007c0       0x18 ..\obj\usart.o

.debug_line     0x00000000     0x2df2
 .debug_line    0x00000000      0x21d ..\obj\stm32f4xx_syscfg.o
 .debug_line    0x0000021d      0x4a5 ..\obj\stm32f4xx_usart.o
 .debug_line    0x000006c2       0x9f ..\obj\startup_stm32f4xx.o
 .debug_line    0x00000761      0x4c9 ..\obj\main.o
 .debug_line    0x00000c2a      0x59d ..\obj\stm32f4xx_rcc.o
 .debug_line    0x000011c7      0x261 ..\obj\stm32f4xx_it.o
 .debug_line    0x00001428      0x342 ..\obj\stm32f4xx_gpio.o
 .debug_line    0x0000176a      0x1f0 ..\obj\system_stm32f4xx.o
 .debug_line    0x0000195a      0x2fb ..\obj\syscalls.o
 .debug_line    0x00001c55      0x2a8 ..\obj\stm32f4xx_exti.o
 .debug_line    0x00001efd      0x248 ..\obj\misc.o
 .debug_line    0x00002145      0xa68 ..\obj\stm32f4xx_tim.o
 .debug_line    0x00002bad      0x245 ..\obj\usart.o

.debug_str      0x00000000     0x2e6b
 .debug_str     0x00000000      0x2ce ..\obj\stm32f4xx_syscfg.o
                                0x331 (size before relaxing)
 .debug_str     0x000002ce      0x4de ..\obj\stm32f4xx_usart.o
                                0x6cc (size before relaxing)
 .debug_str     0x000007ac       0xad ..\obj\startup_stm32f4xx.o
                                0x144 (size before relaxing)
 .debug_str     0x00000859      0xf30 ..\obj\main.o
                               0x1179 (size before relaxing)
 .debug_str     0x00001789      0x5e0 ..\obj\stm32f4xx_rcc.o
                                0x88d (size before relaxing)
 .debug_str     0x00001d69       0xe7 ..\obj\stm32f4xx_it.o
                                0x2e2 (size before relaxing)
 .debug_str     0x00001e50      0x188 ..\obj\stm32f4xx_gpio.o
                                0x4e0 (size before relaxing)
 .debug_str     0x00001fd8       0xb1 ..\obj\system_stm32f4xx.o
                                0x3e7 (size before relaxing)
 .debug_str     0x00002089      0x156 ..\obj\syscalls.o
                                0x39b (size before relaxing)
 .debug_str     0x000021df       0xfa ..\obj\stm32f4xx_exti.o
                                0x396 (size before relaxing)
 .debug_str     0x000022d9      0x100 ..\obj\misc.o
                                0x40b (size before relaxing)
 .debug_str     0x000023d9      0x9fb ..\obj\stm32f4xx_tim.o
                                0xe0d (size before relaxing)
 .debug_str     0x00002dd4       0x97 ..\obj\usart.o
                                0xa1c (size before relaxing)

.comment        0x00000000       0x70
 .comment       0x00000000       0x70 ..\obj\stm32f4xx_syscfg.o
                                 0x71 (size before relaxing)
 .comment       0x00000000       0x71 ..\obj\stm32f4xx_usart.o
 .comment       0x00000000       0x71 ..\obj\startup_stm32f4xx.o
 .comment       0x00000000       0x71 ..\obj\main.o
 .comment       0x00000000       0x71 ..\obj\stm32f4xx_rcc.o
 .comment       0x00000000       0x71 ..\obj\stm32f4xx_it.o
 .comment       0x00000000       0x71 ..\obj\stm32f4xx_gpio.o
 .comment       0x00000000       0x71 ..\obj\system_stm32f4xx.o
 .comment       0x00000000       0x71 ..\obj\syscalls.o
 .comment       0x00000000       0x71 ..\obj\stm32f4xx_exti.o
 .comment       0x00000000       0x71 ..\obj\misc.o
 .comment       0x00000000       0x71 ..\obj\stm32f4xx_tim.o
 .comment       0x00000000       0x71 ..\obj\usart.o

.ARM.attributes
                0x00000000       0x31
 .ARM.attributes
                0x00000000       0x33 ..\obj\stm32f4xx_syscfg.o
 .ARM.attributes
                0x00000033       0x33 ..\obj\stm32f4xx_usart.o
 .ARM.attributes
                0x00000066       0x33 ..\obj\startup_stm32f4xx.o
 .ARM.attributes
                0x00000099       0x33 ..\obj\main.o
 .ARM.attributes
                0x000000cc       0x33 ..\obj\stm32f4xx_rcc.o
 .ARM.attributes
                0x000000ff       0x33 ..\obj\stm32f4xx_it.o
 .ARM.attributes
                0x00000132       0x33 ..\obj\stm32f4xx_gpio.o
 .ARM.attributes
                0x00000165       0x33 ..\obj\system_stm32f4xx.o
 .ARM.attributes
                0x00000198       0x33 ..\obj\syscalls.o
 .ARM.attributes
                0x000001cb       0x33 ..\obj\stm32f4xx_exti.o
 .ARM.attributes
                0x000001fe       0x33 ..\obj\misc.o
 .ARM.attributes
                0x00000231       0x33 ..\obj\stm32f4xx_tim.o
 .ARM.attributes
                0x00000264       0x33 ..\obj\usart.o
 .ARM.attributes
                0x00000297       0x1e c:/program files (x86)/gnu tools arm embedded/4.8 2014q2/bin/../lib/gcc/arm-none-eabi/4.8.4/armv7e-m\libgcc.a(_arm_addsubdf3.o)
 .ARM.attributes
                0x000002b5       0x1e c:/program files (x86)/gnu tools arm embedded/4.8 2014q2/bin/../lib/gcc/arm-none-eabi/4.8.4/armv7e-m\libgcc.a(_arm_muldivdf3.o)
 .ARM.attributes
                0x000002d3       0x1e c:/program files (x86)/gnu tools arm embedded/4.8 2014q2/bin/../lib/gcc/arm-none-eabi/4.8.4/armv7e-m\libgcc.a(_arm_truncdfsf2.o)
 .ARM.attributes
                0x000002f1       0x2e c:/program files (x86)/gnu tools arm embedded/4.8 2014q2/bin/../lib/gcc/arm-none-eabi/4.8.4/../../../../arm-none-eabi/lib/armv7e-m\libc.a(lib_a-impure.o)
 .ARM.attributes
                0x0000031f       0x2e c:/program files (x86)/gnu tools arm embedded/4.8 2014q2/bin/../lib/gcc/arm-none-eabi/4.8.4/../../../../arm-none-eabi/lib/armv7e-m\libc.a(lib_a-printf.o)
 .ARM.attributes
                0x0000034d       0x2e c:/program files (x86)/gnu tools arm embedded/4.8 2014q2/bin/../lib/gcc/arm-none-eabi/4.8.4/../../../../arm-none-eabi/lib/armv7e-m\libc.a(lib_a-puts.o)
 .ARM.attributes
                0x0000037b       0x2e c:/program files (x86)/gnu tools arm embedded/4.8 2014q2/bin/../lib/gcc/arm-none-eabi/4.8.4/../../../../arm-none-eabi/lib/armv7e-m\libc.a(lib_a-setvbuf.o)
 .ARM.attributes
                0x000003a9       0x2e c:/program files (x86)/gnu tools arm embedded/4.8 2014q2/bin/../lib/gcc/arm-none-eabi/4.8.4/../../../../arm-none-eabi/lib/armv7e-m\libc.a(lib_a-strlen.o)
 .ARM.attributes
                0x000003d7       0x2e c:/program files (x86)/gnu tools arm embedded/4.8 2014q2/bin/../lib/gcc/arm-none-eabi/4.8.4/../../../../arm-none-eabi/lib/armv7e-m\libc.a(lib_a-vfprintf.o)
 .ARM.attributes
                0x00000405       0x2e c:/program files (x86)/gnu tools arm embedded/4.8 2014q2/bin/../lib/gcc/arm-none-eabi/4.8.4/../../../../arm-none-eabi/lib/armv7e-m\libc.a(lib_a-wsetup.o)
 .ARM.attributes
                0x00000433       0x2e c:/program files (x86)/gnu tools arm embedded/4.8 2014q2/bin/../lib/gcc/arm-none-eabi/4.8.4/../../../../arm-none-eabi/lib/armv7e-m\libc.a(lib_a-dtoa.o)
 .ARM.attributes
                0x00000461       0x2e c:/program files (x86)/gnu tools arm embedded/4.8 2014q2/bin/../lib/gcc/arm-none-eabi/4.8.4/../../../../arm-none-eabi/lib/armv7e-m\libc.a(lib_a-fflush.o)
 .ARM.attributes
                0x0000048f       0x2e c:/program files (x86)/gnu tools arm embedded/4.8 2014q2/bin/../lib/gcc/arm-none-eabi/4.8.4/../../../../arm-none-eabi/lib/armv7e-m\libc.a(lib_a-findfp.o)
 .ARM.attributes
                0x000004bd       0x2e c:/program files (x86)/gnu tools arm embedded/4.8 2014q2/bin/../lib/gcc/arm-none-eabi/4.8.4/../../../../arm-none-eabi/lib/armv7e-m\libc.a(lib_a-freer.o)
 .ARM.attributes
                0x000004eb       0x2e c:/program files (x86)/gnu tools arm embedded/4.8 2014q2/bin/../lib/gcc/arm-none-eabi/4.8.4/../../../../arm-none-eabi/lib/armv7e-m\libc.a(lib_a-fvwrite.o)
 .ARM.attributes
                0x00000519       0x2e c:/program files (x86)/gnu tools arm embedded/4.8 2014q2/bin/../lib/gcc/arm-none-eabi/4.8.4/../../../../arm-none-eabi/lib/armv7e-m\libc.a(lib_a-fwalk.o)
 .ARM.attributes
                0x00000547       0x2e c:/program files (x86)/gnu tools arm embedded/4.8 2014q2/bin/../lib/gcc/arm-none-eabi/4.8.4/../../../../arm-none-eabi/lib/armv7e-m\libc.a(lib_a-locale.o)
 .ARM.attributes
                0x00000575       0x2e c:/program files (x86)/gnu tools arm embedded/4.8 2014q2/bin/../lib/gcc/arm-none-eabi/4.8.4/../../../../arm-none-eabi/lib/armv7e-m\libc.a(lib_a-makebuf.o)
 .ARM.attributes
                0x000005a3       0x2e c:/program files (x86)/gnu tools arm embedded/4.8 2014q2/bin/../lib/gcc/arm-none-eabi/4.8.4/../../../../arm-none-eabi/lib/armv7e-m\libc.a(lib_a-malloc.o)
 .ARM.attributes
                0x000005d1       0x2e c:/program files (x86)/gnu tools arm embedded/4.8 2014q2/bin/../lib/gcc/arm-none-eabi/4.8.4/../../../../arm-none-eabi/lib/armv7e-m\libc.a(lib_a-mallocr.o)
 .ARM.attributes
                0x000005ff       0x2e c:/program files (x86)/gnu tools arm embedded/4.8 2014q2/bin/../lib/gcc/arm-none-eabi/4.8.4/../../../../arm-none-eabi/lib/armv7e-m\libc.a(lib_a-memchr-stub.o)
 .ARM.attributes
                0x0000062d       0x1c c:/program files (x86)/gnu tools arm embedded/4.8 2014q2/bin/../lib/gcc/arm-none-eabi/4.8.4/../../../../arm-none-eabi/lib/armv7e-m\libc.a(lib_a-memcpy.o)
 .ARM.attributes
                0x00000649       0x2e c:/program files (x86)/gnu tools arm embedded/4.8 2014q2/bin/../lib/gcc/arm-none-eabi/4.8.4/../../../../arm-none-eabi/lib/armv7e-m\libc.a(lib_a-memmove.o)
 .ARM.attributes
                0x00000677       0x2e c:/program files (x86)/gnu tools arm embedded/4.8 2014q2/bin/../lib/gcc/arm-none-eabi/4.8.4/../../../../arm-none-eabi/lib/armv7e-m\libc.a(lib_a-memset.o)
 .ARM.attributes
                0x000006a5       0x2e c:/program files (x86)/gnu tools arm embedded/4.8 2014q2/bin/../lib/gcc/arm-none-eabi/4.8.4/../../../../arm-none-eabi/lib/armv7e-m\libc.a(lib_a-mlock.o)
 .ARM.attributes
                0x000006d3       0x2e c:/program files (x86)/gnu tools arm embedded/4.8 2014q2/bin/../lib/gcc/arm-none-eabi/4.8.4/../../../../arm-none-eabi/lib/armv7e-m\libc.a(lib_a-mprec.o)
 .ARM.attributes
                0x00000701       0x2e c:/program files (x86)/gnu tools arm embedded/4.8 2014q2/bin/../lib/gcc/arm-none-eabi/4.8.4/../../../../arm-none-eabi/lib/armv7e-m\libc.a(lib_a-reallocr.o)
 .ARM.attributes
                0x0000072f       0x2e c:/program files (x86)/gnu tools arm embedded/4.8 2014q2/bin/../lib/gcc/arm-none-eabi/4.8.4/../../../../arm-none-eabi/lib/armv7e-m\libc.a(lib_a-s_fpclassify.o)
 .ARM.attributes
                0x0000075d       0x2e c:/program files (x86)/gnu tools arm embedded/4.8 2014q2/bin/../lib/gcc/arm-none-eabi/4.8.4/../../../../arm-none-eabi/lib/armv7e-m\libc.a(lib_a-sbrkr.o)
 .ARM.attributes
                0x0000078b       0x2e c:/program files (x86)/gnu tools arm embedded/4.8 2014q2/bin/../lib/gcc/arm-none-eabi/4.8.4/../../../../arm-none-eabi/lib/armv7e-m\libc.a(lib_a-stdio.o)
 .ARM.attributes
                0x000007b9       0x2e c:/program files (x86)/gnu tools arm embedded/4.8 2014q2/bin/../lib/gcc/arm-none-eabi/4.8.4/../../../../arm-none-eabi/lib/armv7e-m\libc.a(lib_a-vfiprintf.o)
 .ARM.attributes
                0x000007e7       0x2e c:/program files (x86)/gnu tools arm embedded/4.8 2014q2/bin/../lib/gcc/arm-none-eabi/4.8.4/../../../../arm-none-eabi/lib/armv7e-m\libc.a(lib_a-writer.o)
 .ARM.attributes
                0x00000815       0x2e c:/program files (x86)/gnu tools arm embedded/4.8 2014q2/bin/../lib/gcc/arm-none-eabi/4.8.4/../../../../arm-none-eabi/lib/armv7e-m\libc.a(lib_a-callocr.o)
 .ARM.attributes
                0x00000843       0x2e c:/program files (x86)/gnu tools arm embedded/4.8 2014q2/bin/../lib/gcc/arm-none-eabi/4.8.4/../../../../arm-none-eabi/lib/armv7e-m\libc.a(lib_a-closer.o)
 .ARM.attributes
                0x00000871       0x2e c:/program files (x86)/gnu tools arm embedded/4.8 2014q2/bin/../lib/gcc/arm-none-eabi/4.8.4/../../../../arm-none-eabi/lib/armv7e-m\libc.a(lib_a-fclose.o)
 .ARM.attributes
                0x0000089f       0x2e c:/program files (x86)/gnu tools arm embedded/4.8 2014q2/bin/../lib/gcc/arm-none-eabi/4.8.4/../../../../arm-none-eabi/lib/armv7e-m\libc.a(lib_a-fputwc.o)
 .ARM.attributes
                0x000008cd       0x2e c:/program files (x86)/gnu tools arm embedded/4.8 2014q2/bin/../lib/gcc/arm-none-eabi/4.8.4/../../../../arm-none-eabi/lib/armv7e-m\libc.a(lib_a-fstatr.o)
 .ARM.attributes
                0x000008fb       0x2e c:/program files (x86)/gnu tools arm embedded/4.8 2014q2/bin/../lib/gcc/arm-none-eabi/4.8.4/../../../../arm-none-eabi/lib/armv7e-m\libc.a(lib_a-isattyr.o)
 .ARM.attributes
                0x00000929       0x2e c:/program files (x86)/gnu tools arm embedded/4.8 2014q2/bin/../lib/gcc/arm-none-eabi/4.8.4/../../../../arm-none-eabi/lib/armv7e-m\libc.a(lib_a-lseekr.o)
 .ARM.attributes
                0x00000957       0x2e c:/program files (x86)/gnu tools arm embedded/4.8 2014q2/bin/../lib/gcc/arm-none-eabi/4.8.4/../../../../arm-none-eabi/lib/armv7e-m\libc.a(lib_a-readr.o)
 .ARM.attributes
                0x00000985       0x2e c:/program files (x86)/gnu tools arm embedded/4.8 2014q2/bin/../lib/gcc/arm-none-eabi/4.8.4/../../../../arm-none-eabi/lib/armv7e-m\libc.a(lib_a-reent.o)
 .ARM.attributes
                0x000009b3       0x2e c:/program files (x86)/gnu tools arm embedded/4.8 2014q2/bin/../lib/gcc/arm-none-eabi/4.8.4/../../../../arm-none-eabi/lib/armv7e-m\libc.a(lib_a-wbuf.o)
 .ARM.attributes
                0x000009e1       0x2e c:/program files (x86)/gnu tools arm embedded/4.8 2014q2/bin/../lib/gcc/arm-none-eabi/4.8.4/../../../../arm-none-eabi/lib/armv7e-m\libc.a(lib_a-wcrtomb.o)
 .ARM.attributes
                0x00000a0f       0x2e c:/program files (x86)/gnu tools arm embedded/4.8 2014q2/bin/../lib/gcc/arm-none-eabi/4.8.4/../../../../arm-none-eabi/lib/armv7e-m\libc.a(lib_a-wctomb_r.o)
 .ARM.attributes
                0x00000a3d       0x1e c:/program files (x86)/gnu tools arm embedded/4.8 2014q2/bin/../lib/gcc/arm-none-eabi/4.8.4/armv7e-m\libgcc.a(_arm_cmpdf2.o)
 .ARM.attributes
                0x00000a5b       0x1e c:/program files (x86)/gnu tools arm embedded/4.8 2014q2/bin/../lib/gcc/arm-none-eabi/4.8.4/armv7e-m\libgcc.a(_arm_fixdfsi.o)
 .ARM.attributes
                0x00000a79       0x1e c:/program files (x86)/gnu tools arm embedded/4.8 2014q2/bin/../lib/gcc/arm-none-eabi/4.8.4/armv7e-m\libgcc.a(_aeabi_uldivmod.o)
 .ARM.attributes
                0x00000a97       0x2e c:/program files (x86)/gnu tools arm embedded/4.8 2014q2/bin/../lib/gcc/arm-none-eabi/4.8.4/armv7e-m\libgcc.a(bpabi.o)
 .ARM.attributes
                0x00000ac5       0x1e c:/program files (x86)/gnu tools arm embedded/4.8 2014q2/bin/../lib/gcc/arm-none-eabi/4.8.4/armv7e-m\libgcc.a(_dvmd_tls.o)
 .ARM.attributes
                0x00000ae3       0x2e c:/program files (x86)/gnu tools arm embedded/4.8 2014q2/bin/../lib/gcc/arm-none-eabi/4.8.4/armv7e-m\libgcc.a(_divdi3.o)
 .ARM.attributes
                0x00000b11       0x2e c:/program files (x86)/gnu tools arm embedded/4.8 2014q2/bin/../lib/gcc/arm-none-eabi/4.8.4/armv7e-m\libgcc.a(_udivdi3.o)

.debug_frame    0x00000000     0x28a0
 .debug_frame   0x00000000       0xbc ..\obj\stm32f4xx_syscfg.o
 .debug_frame   0x000000bc      0x344 ..\obj\stm32f4xx_usart.o
 .debug_frame   0x00000400       0x48 ..\obj\startup_stm32f4xx.o
 .debug_frame   0x00000448      0x178 ..\obj\main.o
 .debug_frame   0x000005c0      0x4d8 ..\obj\stm32f4xx_rcc.o
 .debug_frame   0x00000a98      0x104 ..\obj\stm32f4xx_it.o
 .debug_frame   0x00000b9c      0x19c ..\obj\stm32f4xx_gpio.o
 .debug_frame   0x00000d38       0x64 ..\obj\system_stm32f4xx.o
 .debug_frame   0x00000d9c      0x148 ..\obj\syscalls.o
 .debug_frame   0x00000ee4       0xec ..\obj\stm32f4xx_exti.o
 .debug_frame   0x00000fd0       0x9c ..\obj\misc.o
 .debug_frame   0x0000106c      0xa3c ..\obj\stm32f4xx_tim.o
 .debug_frame   0x00001aa8       0x50 ..\obj\usart.o
 .debug_frame   0x00001af8       0x58 c:/program files (x86)/gnu tools arm embedded/4.8 2014q2/bin/../lib/gcc/arm-none-eabi/4.8.4/../../../../arm-none-eabi/lib/armv7e-m\libc.a(lib_a-printf.o)
 .debug_frame   0x00001b50       0x40 c:/program files (x86)/gnu tools arm embedded/4.8 2014q2/bin/../lib/gcc/arm-none-eabi/4.8.4/../../../../arm-none-eabi/lib/armv7e-m\libc.a(lib_a-puts.o)
 .debug_frame   0x00001b90       0x30 c:/program files (x86)/gnu tools arm embedded/4.8 2014q2/bin/../lib/gcc/arm-none-eabi/4.8.4/../../../../arm-none-eabi/lib/armv7e-m\libc.a(lib_a-setvbuf.o)
 .debug_frame   0x00001bc0       0x20 c:/program files (x86)/gnu tools arm embedded/4.8 2014q2/bin/../lib/gcc/arm-none-eabi/4.8.4/../../../../arm-none-eabi/lib/armv7e-m\libc.a(lib_a-strlen.o)
 .debug_frame   0x00001be0       0x7c c:/program files (x86)/gnu tools arm embedded/4.8 2014q2/bin/../lib/gcc/arm-none-eabi/4.8.4/../../../../arm-none-eabi/lib/armv7e-m\libc.a(lib_a-vfprintf.o)
 .debug_frame   0x00001c5c       0x2c c:/program files (x86)/gnu tools arm embedded/4.8 2014q2/bin/../lib/gcc/arm-none-eabi/4.8.4/../../../../arm-none-eabi/lib/armv7e-m\libc.a(lib_a-wsetup.o)
 .debug_frame   0x00001c88       0x64 c:/program files (x86)/gnu tools arm embedded/4.8 2014q2/bin/../lib/gcc/arm-none-eabi/4.8.4/../../../../arm-none-eabi/lib/armv7e-m\libc.a(lib_a-dtoa.o)
 .debug_frame   0x00001cec       0x5c c:/program files (x86)/gnu tools arm embedded/4.8 2014q2/bin/../lib/gcc/arm-none-eabi/4.8.4/../../../../arm-none-eabi/lib/armv7e-m\libc.a(lib_a-fflush.o)
 .debug_frame   0x00001d48      0x110 c:/program files (x86)/gnu tools arm embedded/4.8 2014q2/bin/../lib/gcc/arm-none-eabi/4.8.4/../../../../arm-none-eabi/lib/armv7e-m\libc.a(lib_a-findfp.o)
 .debug_frame   0x00001e58       0x50 c:/program files (x86)/gnu tools arm embedded/4.8 2014q2/bin/../lib/gcc/arm-none-eabi/4.8.4/../../../../arm-none-eabi/lib/armv7e-m\libc.a(lib_a-freer.o)
 .debug_frame   0x00001ea8       0x38 c:/program files (x86)/gnu tools arm embedded/4.8 2014q2/bin/../lib/gcc/arm-none-eabi/4.8.4/../../../../arm-none-eabi/lib/armv7e-m\libc.a(lib_a-fvwrite.o)
 .debug_frame   0x00001ee0       0x54 c:/program files (x86)/gnu tools arm embedded/4.8 2014q2/bin/../lib/gcc/arm-none-eabi/4.8.4/../../../../arm-none-eabi/lib/armv7e-m\libc.a(lib_a-fwalk.o)
 .debug_frame   0x00001f34       0x98 c:/program files (x86)/gnu tools arm embedded/4.8 2014q2/bin/../lib/gcc/arm-none-eabi/4.8.4/../../../../arm-none-eabi/lib/armv7e-m\libc.a(lib_a-locale.o)
 .debug_frame   0x00001fcc       0x30 c:/program files (x86)/gnu tools arm embedded/4.8 2014q2/bin/../lib/gcc/arm-none-eabi/4.8.4/../../../../arm-none-eabi/lib/armv7e-m\libc.a(lib_a-makebuf.o)
 .debug_frame   0x00001ffc       0x30 c:/program files (x86)/gnu tools arm embedded/4.8 2014q2/bin/../lib/gcc/arm-none-eabi/4.8.4/../../../../arm-none-eabi/lib/armv7e-m\libc.a(lib_a-malloc.o)
 .debug_frame   0x0000202c       0x38 c:/program files (x86)/gnu tools arm embedded/4.8 2014q2/bin/../lib/gcc/arm-none-eabi/4.8.4/../../../../arm-none-eabi/lib/armv7e-m\libc.a(lib_a-mallocr.o)
 .debug_frame   0x00002064       0x2c c:/program files (x86)/gnu tools arm embedded/4.8 2014q2/bin/../lib/gcc/arm-none-eabi/4.8.4/../../../../arm-none-eabi/lib/armv7e-m\libc.a(lib_a-memchr-stub.o)
 .debug_frame   0x00002090       0x2c c:/program files (x86)/gnu tools arm embedded/4.8 2014q2/bin/../lib/gcc/arm-none-eabi/4.8.4/../../../../arm-none-eabi/lib/armv7e-m\libc.a(lib_a-memmove.o)
 .debug_frame   0x000020bc       0x2c c:/program files (x86)/gnu tools arm embedded/4.8 2014q2/bin/../lib/gcc/arm-none-eabi/4.8.4/../../../../arm-none-eabi/lib/armv7e-m\libc.a(lib_a-memset.o)
 .debug_frame   0x000020e8       0x30 c:/program files (x86)/gnu tools arm embedded/4.8 2014q2/bin/../lib/gcc/arm-none-eabi/4.8.4/../../../../arm-none-eabi/lib/armv7e-m\libc.a(lib_a-mlock.o)
 .debug_frame   0x00002118      0x22c c:/program files (x86)/gnu tools arm embedded/4.8 2014q2/bin/../lib/gcc/arm-none-eabi/4.8.4/../../../../arm-none-eabi/lib/armv7e-m\libc.a(lib_a-mprec.o)
 .debug_frame   0x00002344       0x38 c:/program files (x86)/gnu tools arm embedded/4.8 2014q2/bin/../lib/gcc/arm-none-eabi/4.8.4/../../../../arm-none-eabi/lib/armv7e-m\libc.a(lib_a-reallocr.o)
 .debug_frame   0x0000237c       0x28 c:/program files (x86)/gnu tools arm embedded/4.8 2014q2/bin/../lib/gcc/arm-none-eabi/4.8.4/../../../../arm-none-eabi/lib/armv7e-m\libc.a(lib_a-s_fpclassify.o)
 .debug_frame   0x000023a4       0x2c c:/program files (x86)/gnu tools arm embedded/4.8 2014q2/bin/../lib/gcc/arm-none-eabi/4.8.4/../../../../arm-none-eabi/lib/armv7e-m\libc.a(lib_a-sbrkr.o)
 .debug_frame   0x000023d0       0x80 c:/program files (x86)/gnu tools arm embedded/4.8 2014q2/bin/../lib/gcc/arm-none-eabi/4.8.4/../../../../arm-none-eabi/lib/armv7e-m\libc.a(lib_a-stdio.o)
 .debug_frame   0x00002450       0xb8 c:/program files (x86)/gnu tools arm embedded/4.8 2014q2/bin/../lib/gcc/arm-none-eabi/4.8.4/../../../../arm-none-eabi/lib/armv7e-m\libc.a(lib_a-vfiprintf.o)
 .debug_frame   0x00002508       0x2c c:/program files (x86)/gnu tools arm embedded/4.8 2014q2/bin/../lib/gcc/arm-none-eabi/4.8.4/../../../../arm-none-eabi/lib/armv7e-m\libc.a(lib_a-writer.o)
 .debug_frame   0x00002534       0x28 c:/program files (x86)/gnu tools arm embedded/4.8 2014q2/bin/../lib/gcc/arm-none-eabi/4.8.4/../../../../arm-none-eabi/lib/armv7e-m\libc.a(lib_a-callocr.o)
 .debug_frame   0x0000255c       0x2c c:/program files (x86)/gnu tools arm embedded/4.8 2014q2/bin/../lib/gcc/arm-none-eabi/4.8.4/../../../../arm-none-eabi/lib/armv7e-m\libc.a(lib_a-closer.o)
 .debug_frame   0x00002588       0x3c c:/program files (x86)/gnu tools arm embedded/4.8 2014q2/bin/../lib/gcc/arm-none-eabi/4.8.4/../../../../arm-none-eabi/lib/armv7e-m\libc.a(lib_a-fclose.o)
 .debug_frame   0x000025c4       0x50 c:/program files (x86)/gnu tools arm embedded/4.8 2014q2/bin/../lib/gcc/arm-none-eabi/4.8.4/../../../../arm-none-eabi/lib/armv7e-m\libc.a(lib_a-fputwc.o)
 .debug_frame   0x00002614       0x2c c:/program files (x86)/gnu tools arm embedded/4.8 2014q2/bin/../lib/gcc/arm-none-eabi/4.8.4/../../../../arm-none-eabi/lib/armv7e-m\libc.a(lib_a-fstatr.o)
 .debug_frame   0x00002640       0x2c c:/program files (x86)/gnu tools arm embedded/4.8 2014q2/bin/../lib/gcc/arm-none-eabi/4.8.4/../../../../arm-none-eabi/lib/armv7e-m\libc.a(lib_a-isattyr.o)
 .debug_frame   0x0000266c       0x2c c:/program files (x86)/gnu tools arm embedded/4.8 2014q2/bin/../lib/gcc/arm-none-eabi/4.8.4/../../../../arm-none-eabi/lib/armv7e-m\libc.a(lib_a-lseekr.o)
 .debug_frame   0x00002698       0x2c c:/program files (x86)/gnu tools arm embedded/4.8 2014q2/bin/../lib/gcc/arm-none-eabi/4.8.4/../../../../arm-none-eabi/lib/armv7e-m\libc.a(lib_a-readr.o)
 .debug_frame   0x000026c4       0x48 c:/program files (x86)/gnu tools arm embedded/4.8 2014q2/bin/../lib/gcc/arm-none-eabi/4.8.4/../../../../arm-none-eabi/lib/armv7e-m\libc.a(lib_a-reent.o)
 .debug_frame   0x0000270c       0x40 c:/program files (x86)/gnu tools arm embedded/4.8 2014q2/bin/../lib/gcc/arm-none-eabi/4.8.4/../../../../arm-none-eabi/lib/armv7e-m\libc.a(lib_a-wbuf.o)
 .debug_frame   0x0000274c       0x58 c:/program files (x86)/gnu tools arm embedded/4.8 2014q2/bin/../lib/gcc/arm-none-eabi/4.8.4/../../../../arm-none-eabi/lib/armv7e-m\libc.a(lib_a-wcrtomb.o)
 .debug_frame   0x000027a4       0x44 c:/program files (x86)/gnu tools arm embedded/4.8 2014q2/bin/../lib/gcc/arm-none-eabi/4.8.4/../../../../arm-none-eabi/lib/armv7e-m\libc.a(lib_a-wctomb_r.o)
 .debug_frame   0x000027e8       0x50 c:/program files (x86)/gnu tools arm embedded/4.8 2014q2/bin/../lib/gcc/arm-none-eabi/4.8.4/armv7e-m\libgcc.a(bpabi.o)
 .debug_frame   0x00002838       0x34 c:/program files (x86)/gnu tools arm embedded/4.8 2014q2/bin/../lib/gcc/arm-none-eabi/4.8.4/armv7e-m\libgcc.a(_divdi3.o)
 .debug_frame   0x0000286c       0x34 c:/program files (x86)/gnu tools arm embedded/4.8 2014q2/bin/../lib/gcc/arm-none-eabi/4.8.4/armv7e-m\libgcc.a(_udivdi3.o)
